
> soarx-frontend@1.0.0 build
> next build

  ▲ Next.js 14.2.35
  - Environments: .env.local

   Creating an optimized production build ...
 ✓ Compiled successfully
   Linting and checking validity of types ...
   Collecting page data ...
   Generating static pages (0/6) ...
   Generating static pages (1/6) 
   Generating static pages (2/6) 
   Generating static pages (4/6) 
 ✓ Generating static pages (6/6)
   Finalizing page optimization ...
   Collecting build traces ...

Route (app)                              Size     First Load JS
┌ ○ /                                    8.99 kB        96.3 kB
├ ○ /_not-found                          873 B          88.1 kB
├ ƒ /api/auth                            0 B                0 B
└ ○ /password                            958 B          88.2 kB
+ First Load JS shared by all            87.3 kB
  ├ chunks/117-4d764380d94b6487.js       31.7 kB
  ├ chunks/fd9d1056-20a81dd363b98401.js  53.6 kB
  └ other shared chunks (total)          1.89 kB


ƒ Middleware                             26.5 kB

○  (Static)   prerendered as static content
ƒ  (Dynamic)  server-rendered on demand

